ubuntu@ip-10-2-10-24:~$ mysql -h udacity-read-replica.cd9f6ytdtypg.us-west-2.rds.amazonaws.com -u admin -p
Enter password:
Welcome to the MySQL monitor.  Commands end with ; or \g.
Your MySQL connection id is 32
Server version: 8.0.28 Source distribution

Copyright (c) 2000, 2022, Oracle and/or its affiliates.

Oracle is a registered trademark of Oracle Corporation and/or its
affiliates. Other names may be trademarks of their respective
owners.

Type 'help;' or '\h' for help. Type '\c' to clear the current input statement.

mysql> SHOW DATABASES;
+--------------------+
| Database           |
+--------------------+
| general_users      |
| information_schema |
| mysql              |
| performance_schema |
| sys                |
| udacity            |
+--------------------+
6 rows in set (0.00 sec)

mysql> use general_users
Reading table information for completion of table and column names
You can turn off this feature to get a quicker startup with -A

Database changed
mysql> SHOW TABLES;
+-------------------------+
| Tables_in_general_users |
+-------------------------+
| users                   |
+-------------------------+
1 row in set (0.00 sec)

mysql> DESCRIBE users;
+-----------+--------------+------+-----+---------+----------------+
| Field     | Type         | Null | Key | Default | Extra          |
+-----------+--------------+------+-----+---------+----------------+
| ID        | int          | NO   | PRI | NULL    | auto_increment |
| FirstName | varchar(255) | YES  |     | NULL    |                |
| LastName  | varchar(255) | YES  |     | NULL    |                |
| Age       | int          | YES  |     | NULL    |                |
+-----------+--------------+------+-----+---------+----------------+
4 rows in set (0.01 sec)

mysql> INSERT INTO users (FirstName,LastName,Age) VALUES ('Some','Person',30);
ERROR 1290 (HY000): The MySQL server is running with the --read-only option so it cannot execute this statement
mysql>

